Info: Saved as "rocket_basket.blend"
INFO Draco mesh compression is available, use library at C:\Users\BOTTEROOOW\AppData\Local\Programs\Blender Foundation\blender-4.5.13-windows-x64\4.5\scripts\addons_core\io_scene_gltf2\extern_draco.dll
18:27:50 | INFO: Starting glTF 2.0 export
18:27:50 | INFO: Extracting primitive: Cube.039
18:27:50 | INFO: Primitives created: 1
18:27:50 | INFO: Extracting primitive: Cube.029
18:27:50 | INFO: Primitives created: 1
18:27:50 | INFO: Extracting primitive: Cube.038
18:27:50 | INFO: Primitives created: 1
18:27:50 | INFO: Extracting primitive: Cube.043
18:27:50 | INFO: Primitives created: 1
18:27:50 | INFO: Extracting primitive: Cube.041
18:27:50 | INFO: Primitives created: 1
18:27:50 | INFO: Extracting primitive: Cube.044
18:27:50 | INFO: Primitives created: 1
18:27:50 | INFO: Extracting primitive: Cube.042
18:27:50 | INFO: Primitives created: 1
18:27:50 | INFO: Extracting primitive: Cube.040
18:27:50 | INFO: Primitives created: 1
18:27:50 | INFO: Finished glTF 2.0 export in 0.14508438110351562 s

MODULE ASSET {"asset": "rocket_basket", "triangles": 11724, "material_batches": 8, "bytes": 1796164, "sha256": "41630422f80950498c7b4ca91e9080ea51dbc6846a89db40bfd745b45222a72e", "blender_bounds_min": [-0.2499999850988388, -0.25450000166893005, -0.2168908417224884], "blender_bounds_max": [0.25, 0.09999999403953552, 0.23448637127876282], "origin": "Locally authored Blender geometry and PBR textures, no external assets.", "source": "source/rocket_basket.blend"}
Blender 4.5.13 LTS (hash daeeeca98fb0 built 2026-08-25 01:50:50)
Fra:1 Mem:19.95M (Peak 19.95M) | Time:00:00.00 | Mem:0.00M, Peak:0.00M | Scene, ViewLayer | Synchronizing object | copper
Fra:1 Mem:19.96M (Peak 19.96M) | Time:00:00.00 | Mem:0.00M, Peak:0.00M | Scene, ViewLayer | Synchronizing object | edge
Fra:1 Mem:19.96M (Peak 19.96M) | Time:00:00.00 | Mem:0.00M, Peak:0.00M | Scene, ViewLayer | Synchronizing object | amber
Fra:1 Mem:21.98M (Peak 21.98M) | Time:00:00.00 | Mem:0.00M, Peak:0.00M | Scene, ViewLayer | Synchronizing object | steel
Fra:1 Mem:21.98M (Peak 21.98M) | Time:00:00.00 | Mem:0.00M, Peak:0.00M | Scene, ViewLayer | Synchronizing object | Edge strip
Fra:1 Mem:21.98M (Peak 21.98M) | Time:00:00.00 | Mem:0.00M, Peak:0.00M | Scene, ViewLayer | Synchronizing object | paint
Fra:1 Mem:21.98M (Peak 21.98M) | Time:00:00.00 | Mem:0.00M, Peak:0.00M | Scene, ViewLayer | Synchronizing object | Cool fill
Fra:1 Mem:21.99M (Peak 21.99M) | Time:00:00.00 | Mem:0.00M, Peak:0.00M | Scene, ViewLayer | Synchronizing object | Soft key
Fra:1 Mem:21.99M (Peak 21.99M) | Time:00:00.00 | Mem:0.00M, Peak:0.00M | Scene, ViewLayer | Synchronizing object | red
Fra:1 Mem:22.26M (Peak 22.26M) | Time:00:00.00 | Mem:0.00M, Peak:0.00M | Scene, ViewLayer | Synchronizing object | rubber
Fra:1 Mem:22.40M (Peak 22.40M) | Time:00:00.00 | Mem:0.00M, Peak:0.00M | Scene, ViewLayer | Synchronizing object | ivory
Fra:1 Mem:23.44M (Peak 23.78M) | Time:00:00.00 | Mem:0.00M, Peak:0.00M | Scene, ViewLayer | Initializing
Fra:1 Mem:23.40M (Peak 23.78M) | Time:00:00.00 | Mem:0.00M, Peak:0.00M | Scene, ViewLayer | Updating Images | Loading module_copper_albedo
Fra:1 Mem:23.40M (Peak 23.78M) | Time:00:00.00 | Mem:0.00M, Peak:0.00M | Scene, ViewLayer | Updating Images | Loading module_edge_roughness
Fra:1 Mem:24.41M (Peak 24.41M) | Time:00:00.00 | Mem:0.50M, Peak:0.50M | Scene, ViewLayer | Updating Images | Loading module_edge_normal
Fra:1 Mem:25.16M (Peak 25.16M) | Time:00:00.00 | Mem:0.75M, Peak:0.75M | Scene, ViewLayer | Updating Images | Loading module_steel_roughness
Fra:1 Mem:25.16M (Peak 25.16M) | Time:00:00.00 | Mem:1.00M, Peak:1.00M | Scene, ViewLayer | Updating Images | Loading module_steel_normal
Fra:1 Mem:25.66M (Peak 25.66M) | Time:00:00.00 | Mem:1.25M, Peak:1.25M | Scene, ViewLayer | Updating Images | Loading module_paint_albedo
Fra:1 Mem:25.91M (Peak 25.91M) | Time:00:00.00 | Mem:1.50M, Peak:1.50M | Scene, ViewLayer | Updating Images | Loading module_red_roughness
Fra:1 Mem:26.16M (Peak 26.16M) | Time:00:00.00 | Mem:1.75M, Peak:1.75M | Scene, ViewLayer | Updating Images | Loading module_paint_roughness
Fra:1 Mem:26.16M (Peak 26.16M) | Time:00:00.00 | Mem:2.00M, Peak:2.00M | Scene, ViewLayer | Updating Images | Loading module_paint_normal
Fra:1 Mem:26.66M (Peak 26.66M) | Time:00:00.00 | Mem:2.25M, Peak:2.25M | Scene, ViewLayer | Updating Images | Loading module_red_albedo
Fra:1 Mem:26.91M (Peak 26.91M) | Time:00:00.00 | Mem:2.50M, Peak:2.50M | Scene, ViewLayer | Updating Images | Loading module_rubber_albedo
Fra:1 Mem:27.16M (Peak 27.16M) | Time:00:00.00 | Mem:2.75M, Peak:2.75M | Scene, ViewLayer | Updating Images | Loading module_rubber_roughness
Fra:1 Mem:27.41M (Peak 27.41M) | Time:00:00.00 | Mem:3.00M, Peak:3.00M | Scene, ViewLayer | Updating Images | Loading module_rubber_normal
Fra:1 Mem:27.66M (Peak 27.66M) | Time:00:00.00 | Mem:3.25M, Peak:3.25M | Scene, ViewLayer | Updating Images | Loading module_ivory_albedo
Fra:1 Mem:27.91M (Peak 27.91M) | Time:00:00.00 | Mem:3.50M, Peak:3.50M | Scene, ViewLayer | Updating Images | Loading module_ivory_roughness
Fra:1 Mem:28.16M (Peak 28.16M) | Time:00:00.00 | Mem:3.75M, Peak:3.75M | Scene, ViewLayer | Updating Images | Loading module_ivory_normal
Fra:1 Mem:27.73M (Peak 28.16M) | Time:00:00.00 | Mem:5.25M, Peak:5.25M | Scene, ViewLayer | Waiting for render to start
Fra:1 Mem:27.73M (Peak 28.16M) | Time:00:00.00 | Mem:5.25M, Peak:5.25M | Scene, ViewLayer | Updating Scene
Fra:1 Mem:27.73M (Peak 28.16M) | Time:00:00.00 | Mem:5.25M, Peak:5.25M | Scene, ViewLayer | Updating Shaders
Fra:1 Mem:27.73M (Peak 28.16M) | Time:00:00.00 | Mem:5.25M, Peak:5.25M | Scene, ViewLayer | Loading render kernels (may take a few minutes the first time)
Fra:1 Mem:27.82M (Peak 28.16M) | Time:00:00.00 | Mem:5.26M, Peak:5.26M | Scene, ViewLayer | Updating Procedurals
Fra:1 Mem:27.82M (Peak 28.16M) | Time:00:00.00 | Mem:5.26M, Peak:5.26M | Scene, ViewLayer | Updating Background
Fra:1 Mem:27.82M (Peak 28.16M) | Time:00:00.00 | Mem:5.26M, Peak:5.26M | Scene, ViewLayer | Updating Camera
Fra:1 Mem:27.82M (Peak 28.16M) | Time:00:00.00 | Mem:5.26M, Peak:5.26M | Scene, ViewLayer | Updating Meshes Flags
Fra:1 Mem:27.82M (Peak 28.16M) | Time:00:00.00 | Mem:5.26M, Peak:5.26M | Scene, ViewLayer | Updating Objects
Fra:1 Mem:27.82M (Peak 28.16M) | Time:00:00.00 | Mem:5.26M, Peak:5.26M | Scene, ViewLayer | Updating Objects | Copying Transformations to device
Fra:1 Mem:27.82M (Peak 28.16M) | Time:00:00.00 | Mem:5.26M, Peak:5.26M | Scene, ViewLayer | Updating Particle Systems
Fra:1 Mem:27.82M (Peak 28.16M) | Time:00:00.00 | Mem:5.26M, Peak:5.26M | Scene, ViewLayer | Updating Particle Systems | Copying Particles to device
Fra:1 Mem:27.82M (Peak 28.16M) | Time:00:00.00 | Mem:5.26M, Peak:5.26M | Scene, ViewLayer | Updating Meshes
Fra:1 Mem:28.49M (Peak 28.49M) | Time:00:00.01 | Mem:5.26M, Peak:5.26M | Scene, ViewLayer | Updating Objects | Applying Static Transformations
Fra:1 Mem:28.49M (Peak 28.49M) | Time:00:00.01 | Mem:5.26M, Peak:5.26M | Scene, ViewLayer | Updating Mesh | Computing attributes
Fra:1 Mem:29.51M (Peak 29.51M) | Time:00:00.01 | Mem:5.26M, Peak:5.26M | Scene, ViewLayer | Updating Mesh | Copying Attributes to device
Fra:1 Mem:29.50M (Peak 29.51M) | Time:00:00.01 | Mem:6.28M, Peak:6.28M | Scene, ViewLayer | Updating Scene BVH | Building
Fra:1 Mem:29.50M (Peak 29.51M) | Time:00:00.01 | Mem:6.28M, Peak:6.28M | Scene, ViewLayer | Updating Scene BVH | Building BVH
Fra:1 Mem:29.50M (Peak 29.51M) | Time:00:00.01 | Mem:6.63M, Peak:6.63M | Scene, ViewLayer | Updating Scene BVH | Building BVH 0%
Fra:1 Mem:29.50M (Peak 29.51M) | Time:00:00.01 | Mem:7.06M, Peak:7.42M | Scene, ViewLayer | Updating Scene BVH | Copying BVH to device
Fra:1 Mem:29.50M (Peak 29.51M) | Time:00:00.01 | Mem:7.06M, Peak:7.42M | Scene, ViewLayer | Updating Mesh | Computing normals
Fra:1 Mem:30.11M (Peak 30.11M) | Time:00:00.01 | Mem:7.06M, Peak:7.42M | Scene, ViewLayer | Updating Mesh | Copying Mesh to device
Fra:1 Mem:30.11M (Peak 30.11M) | Time:00:00.01 | Mem:7.66M, Peak:7.66M | Scene, ViewLayer | Updating Objects Flags
Fra:1 Mem:30.11M (Peak 30.11M) | Time:00:00.01 | Mem:7.66M, Peak:7.66M | Scene, ViewLayer | Updating Primitive Offsets
Fra:1 Mem:30.11M (Peak 30.11M) | Time:00:00.01 | Mem:7.66M, Peak:7.66M | Scene, ViewLayer | Updating Images
Fra:1 Mem:30.11M (Peak 30.11M) | Time:00:00.01 | Mem:7.66M, Peak:7.66M | Scene, ViewLayer | Updating Camera Volume
Fra:1 Mem:30.11M (Peak 30.11M) | Time:00:00.01 | Mem:7.66M, Peak:7.66M | Scene, ViewLayer | Updating Lookup Tables
Fra:1 Mem:30.11M (Peak 30.11M) | Time:00:00.01 | Mem:7.75M, Peak:7.75M | Scene, ViewLayer | Updating Lights
Fra:1 Mem:30.11M (Peak 30.11M) | Time:00:00.01 | Mem:7.75M, Peak:7.75M | Scene, ViewLayer | Updating Lights | Computing tree
Fra:1 Mem:30.11M (Peak 30.11M) | Time:00:00.01 | Mem:7.75M, Peak:7.75M | Scene, ViewLayer | Updating Integrator
Fra:1 Mem:30.11M (Peak 30.11M) | Time:00:00.01 | Mem:7.75M, Peak:7.75M | Scene, ViewLayer | Updating Film
Fra:1 Mem:30.11M (Peak 30.11M) | Time:00:00.01 | Mem:7.67M, Peak:7.75M | Scene, ViewLayer | Updating Lookup Tables
Fra:1 Mem:30.11M (Peak 30.11M) | Time:00:00.01 | Mem:7.75M, Peak:7.75M | Scene, ViewLayer | Updating Baking
Fra:1 Mem:30.11M (Peak 30.11M) | Time:00:00.01 | Mem:7.75M, Peak:7.75M | Scene, ViewLayer | Updating Device | Writing constant memory
Fra:1 Mem:30.11M (Peak 30.11M) | Time:00:00.01 | Mem:7.75M, Peak:7.75M | Scene, ViewLayer | Loading denoising kernels (may take a few minutes the first time)
Fra:1 Mem:30.11M (Peak 30.11M) | Time:00:00.01 | Mem:7.75M, Peak:7.75M | Scene, ViewLayer | Sample 0/24
Fra:1 Mem:88.88M (Peak 88.88M) | Time:00:00.24 | Remaining:00:05.23 | Mem:66.47M, Peak:66.47M | Scene, ViewLayer | Sample 1/24
Fra:1 Mem:113.61M (Peak 150.69M) | Time:00:08.30 | Mem:66.47M, Peak:66.47M | Scene, ViewLayer | Sample 24/24
Fra:1 Mem:113.61M (Peak 150.69M) | Time:00:08.30 | Mem:66.47M, Peak:66.47M | Scene, ViewLayer | Finished
Saved: 'C:\Users\BOTTEROOOW\PROTOTYPE-V0.1\art\modules\previews\rocket_basket.png'
Time: 00:08.54 (Saving: 00:00.23)

Info: Saved as "magnetic_field.blend"
18:27:59 | INFO: Starting glTF 2.0 export
18:27:59 | INFO: Extracting primitive: Cube.045
18:27:59 | INFO: Primitives created: 1
18:27:59 | INFO: Extracting primitive: Cube.102
18:27:59 | INFO: Primitives created: 1
18:27:59 | INFO: Extracting primitive: Cube.105
18:27:59 | INFO: Primitives created: 1
18:27:59 | INFO: Extracting primitive: Cube.100
18:27:59 | INFO: Primitives created: 1
18:27:59 | INFO: Extracting primitive: Cube.104
18:27:59 | INFO: Primitives created: 1
18:27:59 | INFO: Extracting primitive: Cube.106
18:27:59 | INFO: Primitives created: 1
18:27:59 | INFO: Extracting primitive: Cube.103
18:27:59 | INFO: Primitives created: 1
18:27:59 | INFO: Extracting primitive: Cube.101
18:28:00 | INFO: Primitives created: 1
18:28:00 | INFO: Finished glTF 2.0 export in 0.12073349952697754 s

MODULE ASSET {"asset": "magnetic_field", "triangles": 7856, "material_batches": 8, "bytes": 1482988, "sha256": "268dac94a38163db22350a6fc1738a9ad80a27c1e2e3028028159145cfb73820", "blender_bounds_min": [-0.20100000500679016, -0.08900000154972076, -0.21699999272823334], "blender_bounds_max": [0.20100000500679016, 0.10999999940395355, 0.21699999272823334], "origin": "Locally authored Blender geometry and PBR textures, no external assets.", "source": "source/magnetic_field.blend"}
Fra:1 Mem:23.86M (Peak 23.86M) | Time:00:00.00 | Mem:0.00M, Peak:0.00M | Scene, ViewLayer | Synchronizing object | amber
Fra:1 Mem:23.86M (Peak 23.86M) | Time:00:00.00 | Mem:0.00M, Peak:0.00M | Scene, ViewLayer | Synchronizing object | steel
Fra:1 Mem:24.55M (Peak 25.01M) | Time:00:00.00 | Mem:0.00M, Peak:0.00M | Scene, ViewLayer | Synchronizing object | copper
Fra:1 Mem:24.65M (Peak 25.01M) | Time:00:00.00 | Mem:0.00M, Peak:0.00M | Scene, ViewLayer | Synchronizing object | Edge strip
Fra:1 Mem:24.60M (Peak 25.01M) | Time:00:00.00 | Mem:0.00M, Peak:0.00M | Scene, ViewLayer | Synchronizing object | Cool fill
Fra:1 Mem:24.60M (Peak 25.01M) | Time:00:00.00 | Mem:0.00M, Peak:0.00M | Scene, ViewLayer | Synchronizing object | Soft key
Fra:1 Mem:24.60M (Peak 25.01M) | Time:00:00.00 | Mem:0.00M, Peak:0.00M | Scene, ViewLayer | Synchronizing object | paint
Fra:1 Mem:24.99M (Peak 25.01M) | Time:00:00.00 | Mem:0.00M, Peak:0.00M | Scene, ViewLayer | Synchronizing object | rubber
Fra:1 Mem:25.17M (Peak 25.17M) | Time:00:00.00 | Mem:0.00M, Peak:0.00M | Scene, ViewLayer | Synchronizing object | cyan
Fra:1 Mem:24.93M (Peak 25.17M) | Time:00:00.00 | Mem:0.00M, Peak:0.00M | Scene, ViewLayer | Synchronizing object | ivory
Fra:1 Mem:24.89M (Peak 25.17M) | Time:00:00.00 | Mem:0.00M, Peak:0.00M | Scene, ViewLayer | Initializing
Fra:1 Mem:24.86M (Peak 25.17M) | Time:00:00.00 | Mem:0.00M, Peak:0.00M | Scene, ViewLayer | Updating Images | Loading module_paint_normal
Fra:1 Mem:24.86M (Peak 25.17M) | Time:00:00.00 | Mem:0.00M, Peak:0.00M | Scene, ViewLayer | Updating Images | Loading module_edge_albedo
Fra:1 Mem:25.36M (Peak 25.36M) | Time:00:00.00 | Mem:0.00M, Peak:0.00M | Scene, ViewLayer | Updating Images | Loading module_edge_roughness
Fra:1 Mem:25.62M (Peak 25.62M) | Time:00:00.00 | Mem:0.25M, Peak:0.25M | Scene, ViewLayer | Updating Images | Loading module_paint_roughness
Fra:1 Mem:25.87M (Peak 25.87M) | Time:00:00.00 | Mem:0.50M, Peak:0.50M | Scene, ViewLayer | Updating Images | Loading module_edge_normal
Fra:1 Mem:26.12M (Peak 26.12M) | Time:00:00.00 | Mem:0.75M, Peak:0.75M | Scene, ViewLayer | Updating Images | Loading module_paint_albedo
Fra:1 Mem:26.37M (Peak 26.37M) | Time:00:00.00 | Mem:1.00M, Peak:1.00M | Scene, ViewLayer | Updating Images | Loading module_steel_albedo
Fra:1 Mem:26.62M (Peak 26.62M) | Time:00:00.00 | Mem:1.25M, Peak:1.25M | Scene, ViewLayer | Updating Images | Loading module_steel_roughness
Fra:1 Mem:26.87M (Peak 26.87M) | Time:00:00.00 | Mem:1.50M, Peak:1.50M | Scene, ViewLayer | Updating Images | Loading module_steel_normal
Fra:1 Mem:27.12M (Peak 27.12M) | Time:00:00.00 | Mem:1.75M, Peak:1.75M | Scene, ViewLayer | Updating Images | Loading module_ivory_normal
Fra:1 Mem:27.12M (Peak 27.12M) | Time:00:00.00 | Mem:2.00M, Peak:2.00M | Scene, ViewLayer | Updating Images | Loading module_copper_albedo
Fra:1 Mem:27.37M (Peak 27.37M) | Time:00:00.00 | Mem:2.00M, Peak:2.00M | Scene, ViewLayer | Updating Images | Loading module_copper_roughness
Fra:1 Mem:27.62M (Peak 27.62M) | Time:00:00.00 | Mem:2.25M, Peak:2.25M | Scene, ViewLayer | Updating Images | Loading module_copper_normal
Fra:1 Mem:27.87M (Peak 27.87M) | Time:00:00.00 | Mem:2.50M, Peak:2.50M | Scene, ViewLayer | Updating Images | Loading module_rubber_albedo
Fra:1 Mem:28.12M (Peak 28.12M) | Time:00:00.00 | Mem:3.00M, Peak:3.00M | Scene, ViewLayer | Updating Images | Loading module_rubber_roughness
Fra:1 Mem:28.37M (Peak 28.37M) | Time:00:00.00 | Mem:3.00M, Peak:3.00M | Scene, ViewLayer | Updating Images | Loading module_rubber_normal
Fra:1 Mem:28.87M (Peak 28.87M) | Time:00:00.00 | Mem:3.50M, Peak:3.50M | Scene, ViewLayer | Updating Images | Loading module_ivory_albedo
Fra:1 Mem:28.87M (Peak 28.87M) | Time:00:00.00 | Mem:3.50M, Peak:3.50M | Scene, ViewLayer | Updating Images | Loading module_ivory_roughness
Fra:1 Mem:28.46M (Peak 28.87M) | Time:00:00.00 | Mem:4.50M, Peak:4.50M | Scene, ViewLayer | Waiting for render to start
Fra:1 Mem:28.46M (Peak 28.87M) | Time:00:00.00 | Mem:4.50M, Peak:4.50M | Scene, ViewLayer | Updating Scene
Fra:1 Mem:28.46M (Peak 28.87M) | Time:00:00.00 | Mem:4.50M, Peak:4.50M | Scene, ViewLayer | Updating Shaders
Fra:1 Mem:28.46M (Peak 28.87M) | Time:00:00.00 | Mem:4.50M, Peak:4.50M | Scene, ViewLayer | Loading render kernels (may take a few minutes the first time)
Fra:1 Mem:28.55M (Peak 28.87M) | Time:00:00.00 | Mem:4.51M, Peak:4.51M | Scene, ViewLayer | Updating Procedurals
Fra:1 Mem:28.55M (Peak 28.87M) | Time:00:00.00 | Mem:4.51M, Peak:4.51M | Scene, ViewLayer | Updating Background
Fra:1 Mem:28.55M (Peak 28.87M) | Time:00:00.00 | Mem:4.51M, Peak:4.51M | Scene, ViewLayer | Updating Camera
Fra:1 Mem:28.55M (Peak 28.87M) | Time:00:00.00 | Mem:4.51M, Peak:4.51M | Scene, ViewLayer | Updating Meshes Flags
Fra:1 Mem:28.55M (Peak 28.87M) | Time:00:00.00 | Mem:4.51M, Peak:4.51M | Scene, ViewLayer | Updating Objects
Fra:1 Mem:28.55M (Peak 28.87M) | Time:00:00.00 | Mem:4.51M, Peak:4.51M | Scene, ViewLayer | Updating Objects | Copying Transformations to device
Fra:1 Mem:28.55M (Peak 28.87M) | Time:00:00.00 | Mem:4.51M, Peak:4.51M | Scene, ViewLayer | Updating Particle Systems
Fra:1 Mem:28.55M (Peak 28.87M) | Time:00:00.00 | Mem:4.51M, Peak:4.51M | Scene, ViewLayer | Updating Particle Systems | Copying Particles to device
Fra:1 Mem:28.55M (Peak 28.87M) | Time:00:00.00 | Mem:4.51M, Peak:4.51M | Scene, ViewLayer | Updating Meshes
Fra:1 Mem:29.00M (Peak 29.00M) | Time:00:00.01 | Mem:4.51M, Peak:4.51M | Scene, ViewLayer | Updating Objects | Applying Static Transformations
Fra:1 Mem:29.00M (Peak 29.00M) | Time:00:00.01 | Mem:4.51M, Peak:4.51M | Scene, ViewLayer | Updating Mesh | Computing attributes
Fra:1 Mem:29.68M (Peak 29.68M) | Time:00:00.01 | Mem:4.51M, Peak:4.51M | Scene, ViewLayer | Updating Mesh | Copying Attributes to device
Fra:1 Mem:29.68M (Peak 29.68M) | Time:00:00.01 | Mem:5.19M, Peak:5.19M | Scene, ViewLayer | Updating Scene BVH | Building
Fra:1 Mem:29.68M (Peak 29.68M) | Time:00:00.01 | Mem:5.19M, Peak:5.19M | Scene, ViewLayer | Updating Scene BVH | Building BVH
Fra:1 Mem:29.68M (Peak 29.68M) | Time:00:00.01 | Mem:5.43M, Peak:5.43M | Scene, ViewLayer | Updating Scene BVH | Building BVH 0%
Fra:1 Mem:29.68M (Peak 29.68M) | Time:00:00.01 | Mem:5.72M, Peak:5.96M | Scene, ViewLayer | Updating Scene BVH | Copying BVH to device
Fra:1 Mem:29.68M (Peak 29.68M) | Time:00:00.01 | Mem:5.72M, Peak:5.96M | Scene, ViewLayer | Updating Mesh | Computing normals
Fra:1 Mem:30.10M (Peak 30.10M) | Time:00:00.01 | Mem:5.72M, Peak:5.96M | Scene, ViewLayer | Updating Mesh | Copying Mesh to device
Fra:1 Mem:30.10M (Peak 30.10M) | Time:00:00.01 | Mem:6.14M, Peak:6.14M | Scene, ViewLayer | Updating Objects Flags
Fra:1 Mem:30.10M (Peak 30.10M) | Time:00:00.01 | Mem:6.14M, Peak:6.14M | Scene, ViewLayer | Updating Primitive Offsets
Fra:1 Mem:30.10M (Peak 30.10M) | Time:00:00.01 | Mem:6.14M, Peak:6.14M | Scene, ViewLayer | Updating Images
Fra:1 Mem:30.10M (Peak 30.10M) | Time:00:00.01 | Mem:6.14M, Peak:6.14M | Scene, ViewLayer | Updating Camera Volume
Fra:1 Mem:30.10M (Peak 30.10M) | Time:00:00.01 | Mem:6.14M, Peak:6.14M | Scene, ViewLayer | Updating Lookup Tables
Fra:1 Mem:30.10M (Peak 30.10M) | Time:00:00.01 | Mem:6.23M, Peak:6.23M | Scene, ViewLayer | Updating Lights
Fra:1 Mem:30.10M (Peak 30.10M) | Time:00:00.01 | Mem:6.23M, Peak:6.23M | Scene, ViewLayer | Updating Lights | Computing tree
Fra:1 Mem:30.10M (Peak 30.10M) | Time:00:00.01 | Mem:6.23M, Peak:6.23M | Scene, ViewLayer | Updating Integrator
Fra:1 Mem:30.10M (Peak 30.10M) | Time:00:00.01 | Mem:6.23M, Peak:6.23M | Scene, ViewLayer | Updating Film
Fra:1 Mem:30.11M (Peak 30.11M) | Time:00:00.01 | Mem:6.15M, Peak:6.23M | Scene, ViewLayer | Updating Lookup Tables
Fra:1 Mem:30.11M (Peak 30.11M) | Time:00:00.01 | Mem:6.23M, Peak:6.23M | Scene, ViewLayer | Updating Baking
Fra:1 Mem:30.11M (Peak 30.11M) | Time:00:00.01 | Mem:6.23M, Peak:6.23M | Scene, ViewLayer | Updating Device | Writing constant memory
Fra:1 Mem:30.11M (Peak 30.11M) | Time:00:00.01 | Mem:6.23M, Peak:6.23M | Scene, ViewLayer | Loading denoising kernels (may take a few minutes the first time)
Fra:1 Mem:30.11M (Peak 30.11M) | Time:00:00.01 | Mem:6.23M, Peak:6.23M | Scene, ViewLayer | Sample 0/24
Fra:1 Mem:88.88M (Peak 88.88M) | Time:00:00.24 | Remaining:00:05.28 | Mem:64.95M, Peak:64.95M | Scene, ViewLayer | Sample 1/24
Fra:1 Mem:113.60M (Peak 150.68M) | Time:00:08.40 | Mem:64.95M, Peak:64.95M | Scene, ViewLayer | Sample 24/24
Fra:1 Mem:113.60M (Peak 150.68M) | Time:00:08.40 | Mem:64.95M, Peak:64.95M | Scene, ViewLayer | Finished
Saved: 'C:\Users\BOTTEROOOW\PROTOTYPE-V0.1\art\modules\previews\magnetic_field.png'
Time: 00:08.50 (Saving: 00:00.09)

Info: Saved as "auxiliary_reactor.blend"
18:28:09 | INFO: Starting glTF 2.0 export
18:28:09 | INFO: Extracting primitive: Cube.160
18:28:09 | INFO: Primitives created: 1
18:28:09 | INFO: Extracting primitive: Cube.142
18:28:09 | INFO: Primitives created: 1
18:28:09 | INFO: Extracting primitive: Cube.155
18:28:09 | INFO: Primitives created: 1
18:28:09 | INFO: Extracting primitive: Cube.153
18:28:09 | INFO: Primitives created: 1
18:28:09 | INFO: Extracting primitive: Cube.158
18:28:09 | INFO: Primitives created: 1
18:28:09 | INFO: Extracting primitive: Cube.157
18:28:09 | INFO: Primitives created: 1
18:28:09 | INFO: Extracting primitive: Cube.159
18:28:09 | INFO: Primitives created: 1
18:28:09 | INFO: Extracting primitive: Cube.156
18:28:09 | INFO: Primitives created: 1
18:28:09 | INFO: Extracting primitive: Cube.154
18:28:09 | INFO: Primitives created: 1
18:28:09 | INFO: Finished glTF 2.0 export in 0.13364505767822266 s

MODULE ASSET {"asset": "auxiliary_reactor", "triangles": 11132, "material_batches": 9, "bytes": 1761924, "sha256": "848be3141dc00f2cf0fc98311fcf4a74e0540ee129589e68809449c8f560d07b", "blender_bounds_min": [-0.19300000369548798, -0.11999999731779099, -0.22699999809265137], "blender_bounds_max": [0.19300000369548798, 0.10899999737739563, 0.23227041959762573], "origin": "Locally authored Blender geometry and PBR textures, no external assets.", "source": "source/auxiliary_reactor.blend"}
Fra:1 Mem:26.60M (Peak 26.60M) | Time:00:00.00 | Mem:0.00M, Peak:0.00M | Scene, ViewLayer | Synchronizing object | copper
Fra:1 Mem:26.61M (Peak 26.61M) | Time:00:00.00 | Mem:0.00M, Peak:0.00M | Scene, ViewLayer | Synchronizing object | edge
Fra:1 Mem:26.63M (Peak 26.63M) | Time:00:00.00 | Mem:0.00M, Peak:0.00M | Scene, ViewLayer | Synchronizing object | rubber
Fra:1 Mem:26.71M (Peak 26.71M) | Time:00:00.00 | Mem:0.00M, Peak:0.00M | Scene, ViewLayer | Synchronizing object | Edge strip
Fra:1 Mem:26.79M (Peak 26.79M) | Time:00:00.00 | Mem:0.00M, Peak:0.00M | Scene, ViewLayer | Synchronizing object | Cool fill
Fra:1 Mem:26.81M (Peak 26.81M) | Time:00:00.00 | Mem:0.00M, Peak:0.00M | Scene, ViewLayer | Synchronizing object | Soft key
Fra:1 Mem:26.81M (Peak 26.81M) | Time:00:00.00 | Mem:0.00M, Peak:0.00M | Scene, ViewLayer | Synchronizing object | amber
Fra:1 Mem:27.03M (Peak 27.03M) | Time:00:00.00 | Mem:0.00M, Peak:0.00M | Scene, ViewLayer | Synchronizing object | red
Fra:1 Mem:27.05M (Peak 27.05M) | Time:00:00.00 | Mem:0.00M, Peak:0.00M | Scene, ViewLayer | Synchronizing object | ivory
Fra:1 Mem:27.37M (Peak 27.37M) | Time:00:00.00 | Mem:0.00M, Peak:0.00M | Scene, ViewLayer | Synchronizing object | paint
Fra:1 Mem:28.01M (Peak 28.27M) | Time:00:00.00 | Mem:0.00M, Peak:0.00M | Scene, ViewLayer | Initializing
Fra:1 Mem:27.96M (Peak 28.27M) | Time:00:00.00 | Mem:0.00M, Peak:0.00M | Scene, ViewLayer | Updating Images | Loading module_copper_albedo
Fra:1 Mem:27.96M (Peak 28.27M) | Time:00:00.00 | Mem:0.00M, Peak:0.00M | Scene, ViewLayer | Updating Images | Loading module_edge_roughness
Fra:1 Mem:29.23M (Peak 29.23M) | Time:00:00.00 | Mem:0.25M, Peak:0.25M | Scene, ViewLayer | Updating Images | Loading module_red_roughness
Fra:1 Mem:29.48M (Peak 29.48M) | Time:00:00.00 | Mem:0.75M, Peak:0.75M | Scene, ViewLayer | Updating Images | Loading module_steel_albedo
Fra:1 Mem:29.98M (Peak 29.98M) | Time:00:00.00 | Mem:1.00M, Peak:1.00M | Scene, ViewLayer | Updating Images | Loading module_red_albedo
Fra:1 Mem:29.98M (Peak 29.98M) | Time:00:00.00 | Mem:1.25M, Peak:1.25M | Scene, ViewLayer | Updating Images | Loading module_steel_roughness
Fra:1 Mem:30.48M (Peak 30.48M) | Time:00:00.00 | Mem:1.50M, Peak:1.50M | Scene, ViewLayer | Updating Images | Loading module_steel_normal
Fra:1 Mem:30.73M (Peak 30.73M) | Time:00:00.00 | Mem:1.75M, Peak:1.75M | Scene, ViewLayer | Updating Images | Loading module_rubber_albedo
Fra:1 Mem:30.73M (Peak 30.73M) | Time:00:00.00 | Mem:2.25M, Peak:2.25M | Scene, ViewLayer | Updating Images | Loading module_rubber_normal
Fra:1 Mem:31.48M (Peak 31.48M) | Time:00:00.00 | Mem:2.50M, Peak:2.50M | Scene, ViewLayer | Updating Images | Loading module_paint_albedo
Fra:1 Mem:31.48M (Peak 31.48M) | Time:00:00.00 | Mem:2.75M, Peak:2.75M | Scene, ViewLayer | Updating Images | Loading module_paint_roughness
Fra:1 Mem:31.73M (Peak 31.73M) | Time:00:00.00 | Mem:3.00M, Peak:3.00M | Scene, ViewLayer | Updating Images | Loading module_paint_normal
Fra:1 Mem:32.23M (Peak 32.23M) | Time:00:00.00 | Mem:3.50M, Peak:3.50M | Scene, ViewLayer | Updating Images | Loading module_ivory_albedo
Fra:1 Mem:32.48M (Peak 32.48M) | Time:00:00.00 | Mem:3.50M, Peak:3.50M | Scene, ViewLayer | Updating Images | Loading module_ivory_roughness
Fra:1 Mem:32.73M (Peak 32.73M) | Time:00:00.00 | Mem:3.75M, Peak:3.75M | Scene, ViewLayer | Updating Images | Loading module_ivory_normal
Fra:1 Mem:32.22M (Peak 32.73M) | Time:00:00.00 | Mem:5.25M, Peak:5.25M | Scene, ViewLayer | Waiting for render to start
Fra:1 Mem:32.22M (Peak 32.73M) | Time:00:00.00 | Mem:5.25M, Peak:5.25M | Scene, ViewLayer | Updating Scene
Fra:1 Mem:32.22M (Peak 32.73M) | Time:00:00.00 | Mem:5.25M, Peak:5.25M | Scene, ViewLayer | Updating Shaders
Fra:1 Mem:32.22M (Peak 32.73M) | Time:00:00.00 | Mem:5.25M, Peak:5.25M | Scene, ViewLayer | Loading render kernels (may take a few minutes the first time)
Fra:1 Mem:32.31M (Peak 32.73M) | Time:00:00.00 | Mem:5.26M, Peak:5.26M | Scene, ViewLayer | Updating Procedurals
Fra:1 Mem:32.31M (Peak 32.73M) | Time:00:00.00 | Mem:5.26M, Peak:5.26M | Scene, ViewLayer | Updating Background
Fra:1 Mem:32.31M (Peak 32.73M) | Time:00:00.00 | Mem:5.26M, Peak:5.26M | Scene, ViewLayer | Updating Camera
Fra:1 Mem:32.31M (Peak 32.73M) | Time:00:00.00 | Mem:5.26M, Peak:5.26M | Scene, ViewLayer | Updating Meshes Flags
Fra:1 Mem:32.31M (Peak 32.73M) | Time:00:00.00 | Mem:5.26M, Peak:5.26M | Scene, ViewLayer | Updating Objects
Fra:1 Mem:32.31M (Peak 32.73M) | Time:00:00.00 | Mem:5.26M, Peak:5.26M | Scene, ViewLayer | Updating Objects | Copying Transformations to device
Fra:1 Mem:32.32M (Peak 32.73M) | Time:00:00.00 | Mem:5.26M, Peak:5.26M | Scene, ViewLayer | Updating Particle Systems
Fra:1 Mem:32.32M (Peak 32.73M) | Time:00:00.00 | Mem:5.26M, Peak:5.26M | Scene, ViewLayer | Updating Particle Systems | Copying Particles to device
Fra:1 Mem:32.32M (Peak 32.73M) | Time:00:00.00 | Mem:5.26M, Peak:5.26M | Scene, ViewLayer | Updating Meshes
Fra:1 Mem:32.95M (Peak 32.95M) | Time:00:00.01 | Mem:5.26M, Peak:5.26M | Scene, ViewLayer | Updating Objects | Applying Static Transformations
Fra:1 Mem:32.95M (Peak 32.95M) | Time:00:00.01 | Mem:5.26M, Peak:5.26M | Scene, ViewLayer | Updating Mesh | Computing attributes
Fra:1 Mem:33.91M (Peak 33.91M) | Time:00:00.01 | Mem:5.26M, Peak:5.26M | Scene, ViewLayer | Updating Mesh | Copying Attributes to device
Fra:1 Mem:33.90M (Peak 33.91M) | Time:00:00.01 | Mem:6.22M, Peak:6.22M | Scene, ViewLayer | Updating Scene BVH | Building
Fra:1 Mem:33.90M (Peak 33.91M) | Time:00:00.01 | Mem:6.22M, Peak:6.22M | Scene, ViewLayer | Updating Scene BVH | Building BVH
Fra:1 Mem:33.90M (Peak 33.91M) | Time:00:00.01 | Mem:6.56M, Peak:6.56M | Scene, ViewLayer | Updating Scene BVH | Building BVH 0%
Fra:1 Mem:33.90M (Peak 33.91M) | Time:00:00.01 | Mem:6.97M, Peak:7.31M | Scene, ViewLayer | Updating Scene BVH | Copying BVH to device
Fra:1 Mem:33.90M (Peak 33.91M) | Time:00:00.01 | Mem:6.97M, Peak:7.31M | Scene, ViewLayer | Updating Mesh | Computing normals
Fra:1 Mem:34.47M (Peak 34.47M) | Time:00:00.01 | Mem:6.97M, Peak:7.31M | Scene, ViewLayer | Updating Mesh | Copying Mesh to device
Fra:1 Mem:34.47M (Peak 34.47M) | Time:00:00.01 | Mem:7.53M, Peak:7.53M | Scene, ViewLayer | Updating Objects Flags
Fra:1 Mem:34.47M (Peak 34.47M) | Time:00:00.01 | Mem:7.53M, Peak:7.53M | Scene, ViewLayer | Updating Primitive Offsets
Fra:1 Mem:34.47M (Peak 34.47M) | Time:00:00.01 | Mem:7.53M, Peak:7.53M | Scene, ViewLayer | Updating Images
Fra:1 Mem:34.47M (Peak 34.47M) | Time:00:00.01 | Mem:7.53M, Peak:7.53M | Scene, ViewLayer | Updating Camera Volume
Fra:1 Mem:34.47M (Peak 34.47M) | Time:00:00.01 | Mem:7.53M, Peak:7.53M | Scene, ViewLayer | Updating Lookup Tables
Fra:1 Mem:34.47M (Peak 34.47M) | Time:00:00.01 | Mem:7.61M, Peak:7.61M | Scene, ViewLayer | Updating Lights
Fra:1 Mem:34.47M (Peak 34.47M) | Time:00:00.01 | Mem:7.61M, Peak:7.61M | Scene, ViewLayer | Updating Lights | Computing tree
Fra:1 Mem:34.47M (Peak 34.47M) | Time:00:00.01 | Mem:7.62M, Peak:7.62M | Scene, ViewLayer | Updating Integrator
Fra:1 Mem:34.47M (Peak 34.47M) | Time:00:00.01 | Mem:7.62M, Peak:7.62M | Scene, ViewLayer | Updating Film
Fra:1 Mem:34.48M (Peak 34.48M) | Time:00:00.01 | Mem:7.53M, Peak:7.62M | Scene, ViewLayer | Updating Lookup Tables
Fra:1 Mem:34.48M (Peak 34.48M) | Time:00:00.01 | Mem:7.62M, Peak:7.62M | Scene, ViewLayer | Updating Baking
Fra:1 Mem:34.48M (Peak 34.48M) | Time:00:00.01 | Mem:7.62M, Peak:7.62M | Scene, ViewLayer | Updating Device | Writing constant memory
Fra:1 Mem:34.48M (Peak 34.48M) | Time:00:00.01 | Mem:7.62M, Peak:7.62M | Scene, ViewLayer | Loading denoising kernels (may take a few minutes the first time)
Fra:1 Mem:34.48M (Peak 34.48M) | Time:00:00.01 | Mem:7.62M, Peak:7.62M | Scene, ViewLayer | Sample 0/24
Fra:1 Mem:93.25M (Peak 93.25M) | Time:00:00.22 | Remaining:00:04.89 | Mem:66.34M, Peak:66.34M | Scene, ViewLayer | Sample 1/24
Fra:1 Mem:117.97M (Peak 155.05M) | Time:00:08.21 | Mem:66.34M, Peak:66.34M | Scene, ViewLayer | Sample 24/24
Fra:1 Mem:117.97M (Peak 155.05M) | Time:00:08.21 | Mem:66.34M, Peak:66.34M | Scene, ViewLayer | Finished
Saved: 'C:\Users\BOTTEROOOW\PROTOTYPE-V0.1\art\modules\previews\auxiliary_reactor.png'
Time: 00:08.32 (Saving: 00:00.09)


Blender quit
